C51 COMPILER V9.60.7.0   MAIN                                                              03/13/2026 20:24:58 PAGE 1   


C51 COMPILER V9.60.7.0, COMPILATION OF MODULE MAIN
OBJECT MODULE PLACED IN .\Objects\main.obj
COMPILER INVOKED BY: C:\Keil_v5\C51\BIN\C51.EXE main.c OPTIMIZE(8,SPEED) BROWSE INCDIR(.\hardware) DEBUG OBJECTEXTEND PR
                    -INT(.\Listings\main.lst) TABS(2) OBJECT(.\Objects\main.obj)

line level    source

   1          #include <STC15F2K60S2.H>
   2          #include "seg.h"
   3          #include "led.h"
   4          #include "key.h"
   5          #include "iic.h"
   6          #include "wave.h"
   7          idata uint8_t seg_index= 0;
   8          pdata uint8_t seg_show[] = {10,10,10,10,10,10,10,10};
   9          pdata uint8_t seg_point[] = {0,0,0,0,0,0,0,0};
  10          idata uint8_t show_mode = 0;
  11          
  12          idata uint16_t fre = 0;
  13          idata uint16_t fre_100x = 0;
  14          idata uint16_t fre_1s_count = 0;
  15          idata bit fre_mode = 0;
  16          
  17          
  18          idata uint8_t humi = 0;
  19          idata uint8_t dac = 0;
  20          float volt_humi = 0;
  21          float volt_out = 0;
  22          
  23          idata uint16_t dist = 0;
  24          idata bit dist_mode = 0;
  25          
  26          idata uint8_t pram_mode = 0;
  27          idata uint8_t fre_limit = 90;
  28          idata uint8_t humi_limit = 40;
  29          idata uint8_t dist_limit = 60;
  30          
  31          idata bit fre_higher_flag = 0;
  32          idata bit humi_higher_flag = 0;
  33          idata bit dist_higher_flag =0;
  34          
  35          
  36          idata uint8_t led_state[] = {0,0,0,0,0,0,0,0};
  37          idata bit led_flash =0;
  38          idata uint8_t led100ms_count = 0;
  39          
  40          idata uint8_t pwm_level =0;
  41          idata uint8_t pwm_count = 0;
  42          
  43          idata bit relay_state = 0;
  44          idata uint8_t relay_count = 0;
  45          
  46          idata uint8_t key_state =0;
  47          idata bit key7_press = 0;
  48          idata uint16_t key1s_count = 0;
  49          
  50          idata uint8_t key_slow = 0;
  51          idata uint8_t seg_slow = 0;
  52          idata uint8_t adc_slow = 0;
  53          idata uint8_t wave_slow = 0;
  54          
C51 COMPILER V9.60.7.0   MAIN                                                              03/13/2026 20:24:58 PAGE 2   

  55          void Timer0_Init(void)    //1??@12.000MHz
  56          {
  57   1        AUXR |= 0x80;     //?????1T??
  58   1        TMOD &= 0xF0;     //???????
  59   1        TMOD |= 0x04;
  60   1        TL0 = 0x00;       //???????
  61   1        TH0 = 0x00;       //???????
  62   1        TF0 = 0;        //??TF0??
  63   1        TR0 = 1;        //???0????
  64   1      }
  65          
  66          void Timer1_Init(void)    //1??@12.000MHz
  67          {
  68   1        AUXR |= 0x40;     //?????1T??
  69   1        TMOD &= 0x0F;     //???????
  70   1        TL1 = 0x20;       //???????
  71   1        TH1 = 0xD1;       //???????
  72   1        TF1 = 0;        //??TF1??
  73   1        TR1 = 1;        //???1????
  74   1        ET1 = 1;        //?????1??
  75   1        EA = 1;
  76   1      }
  77          
  78          void Timer2_Init(void)    //100??@12.000MHz
  79          {
  80   1        AUXR |= 0x04;     //?????1T??
  81   1        T2L = 0x50;       //???????
  82   1        T2H = 0xFB;       //???????
  83   1        AUXR |= 0x10;     //???2????
  84   1        IE2 |= 0x04;      //?????2??
  85   1      }
  86          
  87          void led_task(void)
  88          {
  89   1        uint8_t i = 0;
  90   1        static bit relay_has_count =0;
  91   1        if(show_mode < 3)
  92   1        {
  93   2          for(i = 0;i<3;i++)
  94   2          {
  95   3           led_state[i] = (i == show_mode); 
  96   3          }
  97   2        }
  98   1        else
  99   1        {
 100   2          for(i = 0;i<3;i++)
 101   2          {
 102   3            led_state[i] = (i == pram_mode)?led_flash:0; 
 103   3          }
 104   2        }
 105   1        
 106   1        led_state[3] = fre_higher_flag;
 107   1        led_state[4] = humi_higher_flag;
 108   1        led_state[5] = dist_higher_flag;
 109   1        
 110   1        pwm_level = fre_higher_flag?8:2;
 111   1        
 112   1        if(!relay_has_count && dist_higher_flag)
 113   1        {
 114   2          relay_has_count = 1;
 115   2          relay_count++;
 116   2        }
C51 COMPILER V9.60.7.0   MAIN                                                              03/13/2026 20:24:58 PAGE 3   

 117   1        else if(relay_has_count && !dist_higher_flag)
 118   1        {
 119   2          relay_has_count = 0;
 120   2          relay_count++;
 121   2        }
 122   1        
 123   1        relay_proc(dist_higher_flag);
 124   1        writebyte(relay_count,0);
 125   1      }
 126          
 127          void wave_task(void)
 128          {
 129   1        if(wave_slow)return;
 130   1        wave_slow = 1;
 131   1        dist = readdist();
 132   1      
 133   1        dist_higher_flag = dist > dist_limit;
 134   1      }
 135          
 136          void adc_task(void)
 137          {
 138   1       if(adc_slow)return;
 139   1       adc_slow = 1;
 140   1       dac = readvlot();
 141   1       volt_humi = dac / 51.0;
 142   1       if(volt_humi >= 5.0)
 143   1       {
 144   2         humi = 100;
 145   2       }
 146   1       else
 147   1       {
 148   2         humi = volt_humi * 20;
 149   2       }   
 150   1      
 151   1       if(humi < humi_limit)
 152   1       {
 153   2         volt_out =1;
 154   2       }
 155   1       else if(humi <= 80)
 156   1       {
 157   2         volt_out = 4.0/(80-humi_limit) * humi + (80 - 5*humi_limit)/(80 - humi_limit)*1.0;
 158   2       }
 159   1       else
 160   1       {
 161   2         volt_out = 5;
 162   2       }
 163   1       humi_higher_flag = humi > humi_limit;
 164   1       dacout(volt_out*51);  
 165   1      }
 166          
 167          
 168          void key_task(void)
 169          {
 170   1       uint8_t key_num = 0;
 171   1       if(key_slow)return;
 172   1       key_slow = 1;
 173   1       key_state = key_state << 4;
 174   1       key_state |= key_getstate();
 175   1      
 176   1       if((key_state & 0x11) == 0x10)key_num = 4;
 177   1       if((key_state & 0x22) == 0x20)key_num = 5;
 178   1       if((key_state & 0x44) == 0x40)key_num = 6;
C51 COMPILER V9.60.7.0   MAIN                                                              03/13/2026 20:24:58 PAGE 4   

 179   1       if((key_state & 0x88) == 0x80)key_num = 7;
 180   1      
 181   1       if(show_mode == 1)
 182   1       {
 183   2         if((key_state & 0x88) == 0x88) 
 184   2         {
 185   3          key7_press = 1;
 186   3         }
 187   2         else
 188   2         {
 189   3          key7_press = 0; 
 190   3         }
 191   2       }
 192   1       switch(key_num)
 193   1       {
 194   2         case 4:
 195   2           show_mode++;
 196   2           show_mode %= 4;
 197   2           if(show_mode == 3)pram_mode = 0;
 198   2           break;
 199   2         case 5:
 200   2           pram_mode++;
 201   2           pram_mode %= 3;
 202   2           break;
 203   2         case 6:
 204   2           if(show_mode == 2)
 205   2           {
 206   3             dist_mode = !dist_mode;
 207   3           }
 208   2           else if(show_mode == 3)
 209   2           {
 210   3             switch(pram_mode)
 211   3             {
 212   4               case 0:
 213   4                 fre_limit += 5;
 214   4                 if(fre_limit > 120) fre_limit= 10;
 215   4                 break;
 216   4               case 1:
 217   4                 humi_limit += 10;
 218   4                 if(humi_limit > 60) humi_limit= 10;
 219   4                 break;
 220   4               case 2:
 221   4                 dist_limit += 10;
 222   4                 if(dist_limit > 120) dist_limit= 10;
 223   4                 break;
 224   4             } 
 225   3           }
 226   2           break;
 227   2         case 7:
 228   2           if(show_mode == 0)
 229   2           {
 230   3             fre_mode = !fre_mode;
 231   3           }
 232   2           else if(show_mode == 3)
 233   2           {
 234   3              switch(pram_mode)
 235   3             {
 236   4               case 0:
 237   4                 fre_limit -= 5;
 238   4                 if(fre_limit < 10) fre_limit= 120;
 239   4                 break;
 240   4               case 1:
C51 COMPILER V9.60.7.0   MAIN                                                              03/13/2026 20:24:58 PAGE 5   

 241   4                 humi_limit -= 10;
 242   4                 if(humi_limit < 10)humi_limit = 60;
 243   4                 break;
 244   4               case 2:
 245   4                 dist_limit -= 10;
 246   4                 if(dist_limit < 10)dist_limit = 120;
 247   4                 break;
 248   4             } 
 249   3           }
 250   2           break;
 251   2       }   
 252   1      }
 253          
 254          void seg_task(void)
 255          {
 256   1       uint8_t i = 0;
 257   1       if(seg_slow)return;
 258   1       seg_slow = 1;
 259   1       switch(show_mode)
 260   1       {
 261   2         case 0:
 262   2           seg_show[0] = 11;
 263   2           seg_show[1] = 10;
 264   2           seg_point[6] = 0;
 265   2           if(!fre_mode)
 266   2           {
 267   3             seg_show[2] = fre / 100000;
 268   3             seg_show[3] = fre / 10000;
 269   3             seg_show[4] = fre / 1000 % 10;
 270   3             seg_show[5] = fre / 100 % 10;
 271   3             seg_show[6] = fre / 10 % 10;
 272   3             seg_show[7] = fre % 10;
 273   3             for(i = 2;seg_show[i] == 0;i++)
 274   3             {
 275   4               seg_show[i] = 10;
 276   4             }
 277   3           }
 278   2           else
 279   2           {
 280   3             seg_point[6] = 1;
 281   3             if(fre < 100)
 282   3             {
 283   4               seg_show[2] = 10;
 284   4               seg_show[3] = 10;
 285   4               seg_show[4] = 10;
 286   4               seg_show[5] = 10;
 287   4               seg_show[6] = 0;
 288   4               seg_show[7] = 0;
 289   4             }
 290   3             else 
 291   3             {
 292   4               fre_100x = fre / 100.0;
 293   4               seg_show[2] = fre_100x / 100000;
 294   4               seg_show[3] = fre_100x / 10000;
 295   4               seg_show[4] = fre_100x / 1000 % 10;
 296   4               seg_show[5] = fre_100x / 100 % 10;
 297   4               seg_show[6] = fre_100x / 10 % 10;
 298   4               seg_show[7] = fre_100x % 10;
 299   4               for(i=2 ;i<=5;i++)
 300   4               {
 301   5                 if( seg_show[i] == 0)
 302   5                 {
C51 COMPILER V9.60.7.0   MAIN                                                              03/13/2026 20:24:58 PAGE 6   

 303   6                   seg_show[i] = 10;
 304   6                 }
 305   5                 else
 306   5                 {
 307   6                   break;
 308   6                 } 
 309   5               }
 310   4             }
 311   3             
 312   3           }
 313   2           break;
 314   2         case 1:
 315   2           seg_show[0] = 14;
 316   2           seg_point[6] = 0;
 317   2           seg_show[1] = 10;
 318   2           seg_show[2] = 10;
 319   2           seg_show[3] = 10;
 320   2           seg_show[4] = 10;
 321   2           seg_show[5] = humi / 100 % 10?humi / 100 % 10:10;
 322   2           seg_show[6] = humi / 10;
 323   2           seg_show[7] = humi % 10;
 324   2           
 325   2           break;
 326   2         case 2:
 327   2           seg_show[0] = 12;
 328   2           if(!dist_mode)
 329   2           {
 330   3             seg_show[1] = 10;
 331   3             seg_show[2] = 10;
 332   3             seg_show[3] = 10;
 333   3             seg_show[4] = 10;
 334   3             seg_show[5] = dist / 100?dist/100:10;
 335   3             seg_point[5] = 0;
 336   3             seg_show[6] = ((dist / 100  == 0) && (dist / 10 == 0))?10:(dist / 10 % 10);
 337   3             seg_show[7] = dist % 10;
 338   3           }
 339   2           else
 340   2           {
 341   3             seg_show[1] = 10;
 342   3             seg_show[2] = 10;
 343   3             seg_show[3] = 10;
 344   3             seg_show[4] = 10;
 345   3             seg_show[5] = dist / 100;
 346   3             seg_point[5] = 1;
 347   3             seg_show[6] = dist / 10 % 10;
 348   3             seg_show[7] = dist % 10;
 349   3           }
 350   2           break;
 351   2         case 3:
 352   2           seg_point[5] = 0;
 353   2           seg_point[6] = (pram_mode == 1) ? 0 : 1;
 354   2           seg_show[0] = 13;
 355   2           seg_show[1] = pram_mode + 1;
 356   2           seg_show[2] = 10;
 357   2           seg_show[3] = 10;
 358   2           seg_show[4] = 10;
 359   2      
 360   2          
 361   2           switch(pram_mode)
 362   2           {
 363   3             case 0:
 364   3               seg_show[5] = fre_limit / 100 % 10?fre_limit /100%10:10;
C51 COMPILER V9.60.7.0   MAIN                                                              03/13/2026 20:24:58 PAGE 7   

 365   3               seg_show[6] = fre_limit / 10 % 10;
 366   3               seg_point[6] = 1;
 367   3               seg_show[7] = fre_limit % 10;
 368   3               break;
 369   3             case 1:
 370   3               seg_show[5] = 10;
 371   3               seg_show[6] = humi_limit / 10;
 372   3               seg_point[6] = 0;
 373   3               seg_show[7] = humi_limit % 10;
 374   3               break;
 375   3             case 2:
 376   3               seg_show[5] = 10;
 377   3               seg_show[6] = dist_limit / 100;
 378   3               seg_point[6] = 1;
 379   3               seg_show[7] = dist_limit /10 % 10;
 380   3               break;
 381   3           }
 382   2           break;
 383   2       }
 384   1      }
 385          
 386          void Timer1_Isr(void) interrupt 3
 387          {
 388   1        if(++seg_slow >= 100)seg_slow = 0;
 389   1        if(++seg_index >= 8)seg_index = 0;
 390   1        if(++key_slow >= 10)key_slow = 0;
 391   1        if(++adc_slow >= 160)adc_slow = 0;
 392   1        if(++wave_slow >= 160)wave_slow = 0;
 393   1        if(++fre_1s_count >= 1000)
 394   1        {
 395   2          fre_1s_count = 0;
 396   2          TR0 = 0;
 397   2          fre = (TH0 << 8 | TL0);
 398   2          TH0 = TL0 = 0;
 399   2          TR0 = 1;
 400   2          fre_higher_flag = fre > (fre_limit * 100);
 401   2        }
 402   1        
 403   1        if(show_mode == 3)
 404   1        {
 405   2          if(++led100ms_count >= 100)
 406   2          {
 407   3           led100ms_count = 0;
 408   3           led_flash = !led_flash;  
 409   3          }
 410   2        }
 411   1        else
 412   1        {
 413   2          led100ms_count =0;
 414   2        }
 415   1        
 416   1        if(key7_press)
 417   1        {
 418   2         if(++key1s_count >= 1000)
 419   2         {
 420   3           relay_count = 0;
 421   3           writebyte(relay_count,0x00);
 422   3           key1s_count = 0;
 423   3         }     
 424   2        }
 425   1        else
 426   1        {
C51 COMPILER V9.60.7.0   MAIN                                                              03/13/2026 20:24:58 PAGE 8   

 427   2          key1s_count = 0;
 428   2        }
 429   1        seg_proc(seg_index,seg_show[seg_index],seg_point[seg_index]);
 430   1        led_proc(led_state);
 431   1      }
 432          
 433          void Timer2_Isr(void) interrupt 12
 434          {
 435   1        if(++pwm_count ==10)
 436   1        {
 437   2          pwm_count = 0;
 438   2        }
 439   1        motor_proc(pwm_count < pwm_level);
 440   1      }
 441          
 442          
 443          void main(void)
 444          {
 445   1        Timer0_Init();
 446   1        Timer1_Init();
 447   1        Timer2_Init();
 448   1        writebyte(0,0);
 449   1        while(1)
 450   1        {
 451   2          wave_task();
 452   2          adc_task();
 453   2          seg_task();
 454   2          key_task();
 455   2          led_task();
 456   2        }
 457   1      
 458   1      }


MODULE INFORMATION:   STATIC OVERLAYABLE
   CODE SIZE        =   2083    ----
   CONSTANT SIZE    =   ----    ----
   XDATA SIZE       =   ----    ----
   PDATA SIZE       =     16    ----
   DATA SIZE        =      8       1
   IDATA SIZE       =     35    ----
   BIT SIZE         =      9    ----
END OF MODULE INFORMATION.


C51 COMPILATION COMPLETE.  0 WARNING(S),  0 ERROR(S)
