C51 COMPILER V9.54   MAIN                                                                  03/07/2026 14:54:16 PAGE 1   


C51 COMPILER V9.54, COMPILATION OF MODULE MAIN
OBJECT MODULE PLACED IN .\Objects\main.obj
COMPILER INVOKED BY: C:\Keil_v5\C51\BIN\C51.EXE main.c OPTIMIZE(8,SPEED) BROWSE INCDIR(.\hardware) DEBUG OBJECTEXTEND PR
                    -INT(.\Listings\main.lst) TABS(2) OBJECT(.\Objects\main.obj)

line level    source

   1          #include <STC15F2K60S2.H>
   2          #include "led.h"
   3          #include "key.h"
   4          #include "seg.h"
   5          #include "onewire.h"
   6          #include "ds1302.h"
   7          
   8          idata uint8_t seg_index = 0;
   9          pdata uint8_t seg_show[] = {10,10,10,10,10,10,10,10};
  10          pdata uint8_t seg_point[] = {0,0,0,0,0,0,0,0};
  11          idata uint8_t show_mode = 0;
  12          
  13          pdata uint8_t led_state[] = {0,0,0,0,0,0,0,0};
  14          idata bit relay_state = 0;
  15          idata bit hourflag = 0;
  16          idata bit led1_on = 0;
  17          idata bit led3_flash = 0;
  18          idata uint16_t led_5s_count = 0;
  19          idata uint8_t led_100ms_count = 0;
  20          
  21          idata uint8_t key_state = 0;
  22          idata bit key17_press = 0;
  23          
  24          idata uint16_t temp = 0;
  25          idata uint8_t temp_limit = 23;
  26          idata uint8_t time[] = {12,59,50};
  27          idata bit control_mode = 0;
  28          
  29          idata uint8_t seg_slow = 0;
  30          idata uint8_t key_slow = 0;
  31          idata uint8_t time_slow = 0;
  32          idata uint8_t temp_slow = 0;
  33          
  34          void Timer0_Init(void)    //1毫秒@12.000MHz
  35          {
  36   1        AUXR |= 0x80;     //定时器时钟1T模式
  37   1        TMOD &= 0xF0;     //设置定时器模式
  38   1        TL0 = 0x20;       //设置定时初始值
  39   1        TH0 = 0xD1;       //设置定时初始值
  40   1        TF0 = 0;        //清除TF0标志
  41   1        TR0 = 1;        //定时器0开始计时
  42   1        ET0 = 1;        //使能定时器0中断
  43   1        EA = 1;
  44   1      }
  45          
  46          void time_task(void)
  47          {
  48   1        if(time_slow)return;
  49   1        time_slow = 1;
  50   1        readtime(time);
  51   1      }
  52          
  53          void temp_task(void)
  54          {
C51 COMPILER V9.54   MAIN                                                                  03/07/2026 14:54:16 PAGE 2   

  55   1        uint16_t tmp = 0;
  56   1        if(temp_slow)return;
  57   1        temp_slow = 1;
  58   1        tmp = readtemp() * 10;
  59   1        if(tmp<=800)//限制跳变
  60   1        {
  61   2          temp = tmp;
  62   2        }
  63   1      }
  64          
  65          //void temp_task(void)
  66          //{
  67          //  if(temp_slow)return;
  68          //  temp_slow = 1;
  69          //  temp = readtemp() * 10;
  70          //}
  71          
  72          void led_task(void)
  73          {
  74   1        if(time[1] == 0 && time[2] == 0)hourflag = 1;
  75   1        
  76   1        if(control_mode)
  77   1        {
  78   2          relay_state = hourflag;
  79   2        }
  80   1        else
  81   1        {
  82   2          relay_state = temp > temp_limit * 10;
  83   2        }
  84   1        
  85   1        led_state[0] = hourflag;
  86   1        led_state[1] = !control_mode;
  87   1        led_state[2] = led3_flash; 
  88   1        relay_proc(relay_state);
  89   1      }
  90          
  91          void seg_task(void)
  92          {
  93   1        if(seg_slow)return;
  94   1        seg_slow = 1;
  95   1        seg_show[0] = 11;
  96   1        seg_show[1] = show_mode+1;
  97   1        seg_show[2] = 10;
  98   1        switch(show_mode)
  99   1        {
 100   2          case 0:
 101   2            seg_show[3] = 10;
 102   2            seg_show[4] = 10;
 103   2            seg_show[5] = temp / 100;
 104   2            seg_show[6] = (temp / 10) % 10;
 105   2            seg_point[6] = 1;
 106   2            seg_show[7] = temp % 10;    
 107   2            break;
 108   2          case 1:
 109   2            if(key17_press)
 110   2            {
 111   3              seg_show[3] = time[1] / 10;
 112   3              seg_show[4] = time[1] % 10;
 113   3              seg_show[5] = 12;
 114   3              seg_show[6] = time[2] / 10;
 115   3              seg_point[6] = 0;
 116   3              seg_show[7] = time[2] % 10; 
C51 COMPILER V9.54   MAIN                                                                  03/07/2026 14:54:16 PAGE 3   

 117   3            }
 118   2            else
 119   2            {
 120   3              seg_show[3] = time[0] / 10;
 121   3              seg_show[4] = time[0] % 10;
 122   3              seg_show[5] = 12;
 123   3              seg_show[6] = time[1] / 10;
 124   3              seg_point[6] = 0;
 125   3              seg_show[7] = time[1] % 10; 
 126   3            }
 127   2            
 128   2            break;
 129   2          case 2:
 130   2            seg_show[3] = 10;
 131   2            seg_show[4] = 10;
 132   2            seg_show[5] = 10;
 133   2            seg_show[6] = temp_limit / 10;
 134   2            seg_show[7] = temp_limit % 10;      
 135   2            break;
 136   2        }
 137   1      }
 138          void key_task(void)
 139          {
 140   1        uint8_t key_num = 0;
 141   1        if(key_slow)return;
 142   1        key_slow = 1;
 143   1        key_state = key_state << 4;
 144   1        key_state |= key_getstate();
 145   1        
 146   1        if((key_state & 0x11) == 0x10)key_num = 12;
 147   1        if((key_state & 0x22) == 0x20)key_num = 13;
 148   1        if((key_state & 0x44) == 0x40)key_num = 16;
 149   1        if((key_state & 0x88) == 0x80)
 150   1        {
 151   2          key_num = 17;
 152   2          key17_press = 0;
 153   2        }
 154   1        
 155   1        if((key_state & 0x88) == 0x08)
 156   1        {
 157   2          key17_press = 1;
 158   2        }
 159   1        switch(key_num)
 160   1        {
 161   2          case 12:
 162   2            show_mode++;
 163   2            show_mode %= 3;
 164   2            break;
 165   2          case 13:
 166   2            control_mode = !control_mode;
 167   2            break;
 168   2          case 16:
 169   2            if(show_mode == 2)
 170   2            {
 171   3              temp_limit++;
 172   3              if(temp_limit>=90)temp_limit = 99;
 173   3            }
 174   2            break;
 175   2          case 17:
 176   2            if(show_mode == 2)
 177   2            {
 178   3              temp_limit--;
C51 COMPILER V9.54   MAIN                                                                  03/07/2026 14:54:16 PAGE 4   

 179   3              if(temp_limit<=10)temp_limit = 10;
 180   3            }
 181   2            break;
 182   2        }
 183   1      }
 184          
 185          void Timer0_Isr(void) interrupt 1
 186          {
 187   1        seg_index++;
 188   1        seg_slow++;
 189   1        key_slow++;
 190   1        time_slow++;
 191   1        temp_slow++;
 192   1        
 193   1        if(seg_index>=8)seg_index = 0;
 194   1        if(seg_slow>=90)seg_slow = 0;
 195   1        if(key_slow>=10)key_slow = 0;
 196   1        if(time_slow>=160)time_slow = 0;
 197   1        if(temp_slow>=160)temp_slow = 0;
 198   1        
 199   1        if(hourflag)
 200   1        {
 201   2          if(++led_5s_count == 5000)
 202   2          {
 203   3            led_5s_count = 0;
 204   3            hourflag = 0;
 205   3          }
 206   2        }
 207   1        
 208   1        
 209   1        if(relay_state)
 210   1        {
 211   2          if(++led_100ms_count >= 100)
 212   2          {
 213   3            led3_flash = !led3_flash;
 214   3            led_100ms_count = 0;
 215   3          }
 216   2        }
 217   1        else
 218   1        {
 219   2          led_100ms_count = 0;
 220   2          led3_flash  = 0;
 221   2        }
 222   1        
 223   1        seg_proc(seg_index,seg_show[seg_index],seg_point[seg_index]);
 224   1        led_proc(led_state);
 225   1        
 226   1      }
 227          void main(void)
 228          {
 229   1        sys_init();
 230   1        Timer0_Init();
 231   1        writetime(time);
 232   1        readtemp();
 233   1        while(1)
 234   1        {
 235   2          seg_task();
 236   2          key_task();
 237   2          temp_task();
 238   2          time_task();
 239   2          led_task();
 240   2        }
C51 COMPILER V9.54   MAIN                                                                  03/07/2026 14:54:16 PAGE 5   

 241   1        
 242   1      }


MODULE INFORMATION:   STATIC OVERLAYABLE
   CODE SIZE        =    778    ----
   CONSTANT SIZE    =   ----    ----
   XDATA SIZE       =   ----    ----
   PDATA SIZE       =     24    ----
   DATA SIZE        =   ----       1
   IDATA SIZE       =     16    ----
   BIT SIZE         =      6    ----
END OF MODULE INFORMATION.


C51 COMPILATION COMPLETE.  0 WARNING(S),  0 ERROR(S)
